// Jest Snapshot v1, https://goo.gl/fbAQLP

exports[`Pruebas code challenge toolbox view <App /> success 1`] = `ShallowWrapper {}`;
